2026-08-18 20:12:53,937 INFO gateway.registry config loaded from D:\xuex3\java_web\luyou\config.yaml
2026-08-18 20:12:54,037 INFO gateway.main config watcher started on D:\xuex3\java_web\luyou\config.yaml
2026-08-18 20:13:35,720 INFO gateway.app chat model=glm-5.2 messages=system:str(99570)|user:str(1769)|user:str(1769)|user:str(1769)|user:str(19)|user:str(1349)|user:str(1)
2026-08-18 20:13:36,630 INFO httpx HTTP Request: POST https://token.sensenova.cn/v1/chat/completions "HTTP/1.1 429 Too Many Requests"
2026-08-18 20:13:36,633 WARNING gateway.service key=sk-w****xfm4 throttled (status=429), short cooldown
2026-08-18 20:13:38,428 INFO httpx HTTP Request: POST https://token.sensenova.cn/v1/chat/completions "HTTP/1.1 429 Too Many Requests"
2026-08-18 20:13:38,433 WARNING gateway.service key=sk-d****PybW throttled (status=429), short cooldown
2026-08-18 20:13:41,050 INFO gateway.app chat model=glm-5.2 messages=system:str(99570)|user:str(1769)|user:str(1769)|user:str(1769)|user:str(19)|user:str(1349)|user:str(1)
2026-08-18 20:13:41,050 WARNING gateway.app POST /v1/chat/completions code=provider_overloaded detail=All keys for provider 'sensenova' are exhausted or cooling down
2026-08-23 15:11:45,748 INFO gateway.registry config loaded from D:\xuex3\java_web\luyou\config.yaml
2026-08-23 15:11:45,833 INFO gateway.main config watcher started on D:\xuex3\java_web\luyou\config.yaml
2026-08-23 15:11:45,837 INFO gateway.registry config reloaded (providers=['sensenova'])
2026-08-23 15:11:49,296 INFO gateway.app chat model=sensenova-6.8-flash-lite messages=user:str(8)
2026-08-23 15:11:49,300 INFO gateway.registry config reloaded (providers=['sensenova'])
2026-08-23 15:11:49,470 INFO httpx HTTP Request: GET https://token.sensenova.cn/v1/models "HTTP/1.1 200 OK"
2026-08-23 15:11:49,474 INFO gateway.service model=sensenova-6.8-flash-lite resolved via dynamic catalog of 'sensenova'
2026-08-23 15:11:49,475 INFO gateway.service model=sensenova-6.8-flash-lite resolved via dynamic catalog of 'sensenova'
2026-08-23 15:11:50,318 INFO httpx HTTP Request: POST https://token.sensenova.cn/v1/chat/completions "HTTP/1.1 200 OK"
2026-08-23 15:11:50,322 INFO gateway.registry config reloaded (providers=['sensenova'])
2026-08-23 15:11:50,379 INFO gateway.service stream key=sk-w****xfm4 model=sensenova-6.8-flash-lite elapsed=0.91s
2026-08-23 17:28:06,650 INFO gateway.registry config loaded from D:\xuex3\java_web\luyou\config.yaml
2026-08-23 17:28:06,837 INFO gateway.main config watcher started on D:\xuex3\java_web\luyou\config.yaml
2026-08-23 17:28:06,840 INFO gateway.registry config reloaded (providers=['sensenova'])
2026-08-23 17:28:58,659 INFO gateway.registry config reloaded (providers=['sensenova'])
2026-08-23 17:29:29,128 INFO gateway.app chat model=sensenova-6.8-flash-lite messages=user:str(8)
2026-08-23 17:29:29,273 INFO httpx HTTP Request: GET https://token.sensenova.cn/v1/models "HTTP/1.1 200 OK"
2026-08-23 17:29:29,276 INFO gateway.registry config reloaded (providers=['sensenova'])
2026-08-23 17:29:29,277 INFO gateway.service model=sensenova-6.8-flash-lite resolved via dynamic catalog of 'sensenova'
2026-08-23 17:29:29,278 INFO gateway.service model=sensenova-6.8-flash-lite resolved via dynamic catalog of 'sensenova'
2026-08-23 17:29:33,970 INFO httpx HTTP Request: POST https://token.sensenova.cn/v1/chat/completions "HTTP/1.1 200 OK"
2026-08-23 17:29:33,973 INFO gateway.registry config reloaded (providers=['sensenova'])
2026-08-23 17:29:33,974 INFO gateway.service chat key=sk-w****xfm4 model=sensenova-6.8-flash-lite attempt=1 status=200 elapsed=4.70s tokens=17
2026-08-23 17:29:57,047 INFO gateway.registry config reloaded (providers=['sensenova'])
2026-08-23 17:30:27,307 INFO gateway.registry config reloaded (providers=['sensenova'])
2026-08-23 17:41:44,628 INFO gateway.registry config loaded from D:\xuex3\java_web\luyou\config.yaml
2026-08-23 17:41:44,762 INFO gateway.service probe loop started (interval=300s)
2026-08-23 17:41:44,763 INFO gateway.main config watcher started on D:\xuex3\java_web\luyou\config.yaml
2026-08-23 17:41:44,766 INFO gateway.registry config reloaded (providers=['sensenova'])
2026-08-23 17:42:14,837 INFO httpx HTTP Request: GET https://token.sensenova.cn/v1/models "HTTP/1.1 200 OK"
2026-08-23 17:42:14,839 INFO gateway.registry config reloaded (providers=['sensenova'])
2026-08-23 17:42:14,842 INFO gateway.service probe key=sk-w****xfm4 provider=sensenova ok (5 models)
2026-08-23 17:42:14,882 INFO httpx HTTP Request: GET https://token.sensenova.cn/v1/models "HTTP/1.1 200 OK"
2026-08-23 17:42:14,884 INFO gateway.service probe key=sk-d****PybW provider=sensenova ok (5 models)
2026-08-23 18:16:24,510 INFO gateway.registry config loaded from D:\xuex3\java_web\luyou\config.yaml
2026-08-23 18:16:24,650 INFO gateway.service probe loop started (interval=300s)
2026-08-23 18:16:24,651 INFO gateway.main config watcher started on D:\xuex3\java_web\luyou\config.yaml
2026-08-23 18:16:24,653 INFO gateway.registry config reloaded (providers=['sensenova'])
2026-08-23 18:18:12,651 INFO gateway.registry config reloaded (providers=['sensenova'])
2026-08-23 18:18:27,659 INFO gateway.registry config reloaded (providers=['sensenova'])
2026-08-23 18:18:42,652 INFO gateway.registry config reloaded (providers=['sensenova'])
2026-08-23 18:18:57,657 INFO gateway.registry config reloaded (providers=['sensenova'])
2026-08-23 18:19:12,653 INFO gateway.registry config reloaded (providers=['sensenova'])
2026-08-23 18:19:27,658 INFO gateway.registry config reloaded (providers=['sensenova'])
2026-08-23 18:19:31,989 INFO gateway.registry config reloaded (providers=['sensenova'])
2026-08-23 18:19:32,388 INFO httpx HTTP Request: GET https://token.sensenova.cn/v1/models "HTTP/1.1 200 OK"
2026-08-23 18:19:32,392 INFO gateway.service probe key=sk-w****xfm4 provider=sensenova ok (5 models)
2026-08-23 18:19:32,436 INFO httpx HTTP Request: GET https://token.sensenova.cn/v1/models "HTTP/1.1 200 OK"
2026-08-23 18:19:32,440 INFO gateway.service probe key=sk-d****PybW provider=sensenova ok (5 models)
2026-08-23 18:19:32,645 INFO gateway.registry config reloaded (providers=['sensenova'])
2026-08-23 18:19:42,654 INFO gateway.registry config reloaded (providers=['sensenova'])
2026-08-23 18:19:48,013 INFO gateway.registry config reloaded (providers=['sensenova'])
2026-08-23 18:19:57,647 INFO gateway.registry config reloaded (providers=['sensenova'])
2026-08-23 18:20:12,649 INFO gateway.registry config reloaded (providers=['sensenova'])
2026-08-23 18:20:27,654 INFO gateway.registry config reloaded (providers=['sensenova'])
2026-08-23 18:20:42,657 INFO gateway.registry config reloaded (providers=['sensenova'])
2026-08-23 18:20:57,656 INFO gateway.registry config reloaded (providers=['sensenova'])
2026-08-23 18:21:12,659 INFO gateway.registry config reloaded (providers=['sensenova'])
2026-08-23 18:21:27,655 INFO gateway.registry config reloaded (providers=['sensenova'])
2026-08-23 18:21:42,656 INFO gateway.registry config reloaded (providers=['sensenova'])
2026-08-23 18:21:57,653 INFO gateway.registry config reloaded (providers=['sensenova'])
2026-08-23 18:22:12,660 INFO gateway.registry config reloaded (providers=['sensenova'])
2026-08-23 18:22:27,667 INFO gateway.registry config reloaded (providers=['sensenova'])
2026-08-23 18:22:42,660 INFO gateway.registry config reloaded (providers=['sensenova'])
2026-08-23 18:22:57,660 INFO gateway.registry config reloaded (providers=['sensenova'])
2026-08-23 18:23:12,660 INFO gateway.registry config reloaded (providers=['sensenova'])
2026-08-23 18:23:27,656 INFO gateway.registry config reloaded (providers=['sensenova'])
2026-08-23 18:23:42,661 INFO gateway.registry config reloaded (providers=['sensenova'])
2026-08-23 18:23:57,656 INFO gateway.registry config reloaded (providers=['sensenova'])
2026-08-23 18:24:12,663 INFO gateway.registry config reloaded (providers=['sensenova'])
2026-08-23 18:24:27,663 INFO gateway.registry config reloaded (providers=['sensenova'])
2026-08-23 18:24:42,658 INFO gateway.registry config reloaded (providers=['sensenova'])
2026-08-23 18:24:57,660 INFO gateway.registry config reloaded (providers=['sensenova'])
2026-08-23 18:25:12,653 INFO gateway.registry config reloaded (providers=['sensenova'])
2026-08-23 18:25:27,663 INFO gateway.registry config reloaded (providers=['sensenova'])
2026-08-23 18:25:42,650 INFO gateway.registry config reloaded (providers=['sensenova'])
2026-08-23 18:25:57,660 INFO gateway.registry config reloaded (providers=['sensenova'])
2026-08-23 18:26:12,650 INFO gateway.registry config reloaded (providers=['sensenova'])
2026-08-23 18:26:27,657 INFO gateway.registry config reloaded (providers=['sensenova'])
2026-08-23 18:26:42,660 INFO gateway.registry config reloaded (providers=['sensenova'])
2026-08-23 18:26:57,646 INFO gateway.registry config reloaded (providers=['sensenova'])
2026-08-23 18:27:12,657 INFO gateway.registry config reloaded (providers=['sensenova'])
2026-08-23 18:27:27,662 INFO gateway.registry config reloaded (providers=['sensenova'])
2026-08-23 18:27:42,656 INFO gateway.registry config reloaded (providers=['sensenova'])
2026-08-23 18:27:57,655 INFO gateway.registry config reloaded (providers=['sensenova'])
2026-08-23 18:28:12,659 INFO gateway.registry config reloaded (providers=['sensenova'])
2026-08-23 18:28:27,657 INFO gateway.registry config reloaded (providers=['sensenova'])
2026-08-23 18:28:42,650 INFO gateway.registry config reloaded (providers=['sensenova'])
2026-08-23 18:28:57,648 INFO gateway.registry config reloaded (providers=['sensenova'])
2026-08-23 18:29:12,648 INFO gateway.registry config reloaded (providers=['sensenova'])
2026-08-23 18:29:27,652 INFO gateway.registry config reloaded (providers=['sensenova'])
2026-08-23 18:29:42,660 INFO gateway.registry config reloaded (providers=['sensenova'])
2026-08-23 18:29:57,647 INFO gateway.registry config reloaded (providers=['sensenova'])
2026-08-23 18:30:12,661 INFO gateway.registry config reloaded (providers=['sensenova'])
2026-08-23 18:30:27,648 INFO gateway.registry config reloaded (providers=['sensenova'])
2026-08-23 18:30:42,653 INFO gateway.registry config reloaded (providers=['sensenova'])
2026-08-23 18:30:57,651 INFO gateway.registry config reloaded (providers=['sensenova'])
2026-08-23 18:31:12,659 INFO gateway.registry config reloaded (providers=['sensenova'])
2026-08-23 18:31:27,660 INFO gateway.registry config reloaded (providers=['sensenova'])
2026-08-23 18:31:42,657 INFO gateway.registry config reloaded (providers=['sensenova'])
2026-08-23 18:31:57,663 INFO gateway.registry config reloaded (providers=['sensenova'])
2026-08-23 18:32:12,659 INFO gateway.registry config reloaded (providers=['sensenova'])
2026-08-23 18:32:27,657 INFO gateway.registry config reloaded (providers=['sensenova'])
2026-08-23 18:32:42,648 INFO gateway.registry config reloaded (providers=['sensenova'])
2026-08-23 18:32:57,659 INFO gateway.registry config reloaded (providers=['sensenova'])
2026-08-23 18:33:12,655 INFO gateway.registry config reloaded (providers=['sensenova'])
2026-08-23 18:33:27,651 INFO gateway.registry config reloaded (providers=['sensenova'])
2026-08-23 18:33:42,655 INFO gateway.registry config reloaded (providers=['sensenova'])
2026-08-23 18:33:57,653 INFO gateway.registry config reloaded (providers=['sensenova'])
2026-08-23 18:34:12,649 INFO gateway.registry config reloaded (providers=['sensenova'])
2026-08-23 18:34:27,651 INFO gateway.registry config reloaded (providers=['sensenova'])
2026-08-23 18:34:42,650 INFO gateway.registry config reloaded (providers=['sensenova'])
2026-08-23 18:34:57,648 INFO gateway.registry config reloaded (providers=['sensenova'])
2026-08-23 18:35:12,648 INFO gateway.registry config reloaded (providers=['sensenova'])
2026-08-23 18:35:27,650 INFO gateway.registry config reloaded (providers=['sensenova'])
2026-08-23 18:35:42,651 INFO gateway.registry config reloaded (providers=['sensenova'])
2026-08-23 18:35:57,656 INFO gateway.registry config reloaded (providers=['sensenova'])
2026-08-23 18:36:12,659 INFO gateway.registry config reloaded (providers=['sensenova'])
2026-08-23 18:36:27,651 INFO gateway.registry config reloaded (providers=['sensenova'])
2026-08-23 18:36:42,651 INFO gateway.registry config reloaded (providers=['sensenova'])
2026-08-23 18:36:57,648 INFO gateway.registry config reloaded (providers=['sensenova'])
2026-08-23 18:37:12,652 INFO gateway.registry config reloaded (providers=['sensenova'])
2026-08-23 18:37:27,660 INFO gateway.registry config reloaded (providers=['sensenova'])
2026-08-23 18:37:42,655 INFO gateway.registry config reloaded (providers=['sensenova'])
2026-08-23 18:37:57,648 INFO gateway.registry config reloaded (providers=['sensenova'])
2026-08-23 18:38:12,648 INFO gateway.registry config reloaded (providers=['sensenova'])
2026-08-23 18:38:27,648 INFO gateway.registry config reloaded (providers=['sensenova'])
2026-08-23 18:38:42,647 INFO gateway.registry config reloaded (providers=['sensenova'])
2026-08-23 19:08:46,122 INFO gateway.registry config loaded from D:\xuex3\java_web\luyou\config.yaml
2026-08-23 19:08:46,297 INFO gateway.service probe loop started (interval=300s)
2026-08-23 19:08:46,298 INFO gateway.main config watcher started on D:\xuex3\java_web\luyou\config.yaml
2026-08-23 19:08:46,300 INFO gateway.registry config reloaded (providers=['sensenova'])
2026-08-23 19:08:51,409 INFO gateway.app chat model=sensenova-6.8-flash-lite messages=user:str(8)
2026-08-23 19:08:51,412 INFO gateway.registry config reloaded (providers=['sensenova'])
2026-08-23 19:08:51,601 INFO httpx HTTP Request: GET https://token.sensenova.cn/v1/models "HTTP/1.1 200 OK"
2026-08-23 19:08:51,608 INFO gateway.service model=sensenova-6.8-flash-lite resolved via dynamic catalog of 'sensenova'
2026-08-23 19:08:51,609 INFO gateway.service model=sensenova-6.8-flash-lite resolved via dynamic catalog of 'sensenova'
2026-08-23 19:08:54,749 INFO httpx HTTP Request: POST https://token.sensenova.cn/v1/chat/completions "HTTP/1.1 200 OK"
2026-08-23 19:08:54,751 INFO gateway.registry config reloaded (providers=['sensenova'])
2026-08-23 19:08:54,752 INFO gateway.service chat key=sk-w****xfm4 model=sensenova-6.8-flash-lite attempt=1 status=200 elapsed=3.16s tokens=17
2026-08-23 19:09:08,828 INFO gateway.registry config reloaded (providers=['sensenova'])
2026-08-23 19:11:41,689 INFO gateway.registry config reloaded (providers=['sensenova'])
2026-08-23 19:15:03,642 INFO gateway.registry config reloaded (providers=['sensenova'])
2026-08-23 19:15:13,620 INFO gateway.registry config reloaded (providers=['sensenova'])
2026-08-23 19:16:01,990 INFO gateway.registry config reloaded (providers=['sensenova'])
2026-08-23 19:17:12,016 INFO gateway.registry config reloaded (providers=['sensenova'])
2026-08-23 19:26:46,027 INFO gateway.registry config reloaded (providers=['sensenova'])
2026-08-23 20:15:31,210 INFO gateway.registry config loaded from D:\xuex3\java_web\luyou\config.yaml
2026-08-23 20:15:31,345 INFO gateway.service probe loop started (interval=300s)
2026-08-23 20:15:31,346 INFO gateway.main config watcher started on D:\xuex3\java_web\luyou\config.yaml
2026-08-23 20:15:31,349 INFO gateway.registry config reloaded (providers=['sensenova'])
2026-08-23 20:15:36,738 INFO gateway.app chat model=sensenova-6.8-flash-lite messages=user:str(8)
2026-08-23 20:15:36,741 INFO gateway.registry config reloaded (providers=['sensenova'])
2026-08-23 20:15:36,914 INFO httpx HTTP Request: GET https://token.sensenova.cn/v1/models "HTTP/1.1 200 OK"
2026-08-23 20:15:36,917 INFO gateway.service model=sensenova-6.8-flash-lite resolved via dynamic catalog of 'sensenova'
2026-08-23 20:15:36,918 INFO gateway.service model=sensenova-6.8-flash-lite resolved via dynamic catalog of 'sensenova'
2026-08-23 20:15:38,989 INFO httpx HTTP Request: POST https://token.sensenova.cn/v1/chat/completions "HTTP/1.1 200 OK"
2026-08-23 20:15:38,992 INFO gateway.registry config reloaded (providers=['sensenova'])
2026-08-23 20:15:38,994 INFO gateway.service chat key=****xfm4 model=sensenova-6.8-flash-lite attempt=1 status=200 elapsed=2.08s tokens=17
2026-08-23 20:15:49,644 INFO gateway.registry config reloaded (providers=['sensenova'])
2026-08-23 20:18:17,954 INFO gateway.registry config reloaded (providers=['sensenova'])
